// Vitest Snapshot v1, https://vitest.dev/guide/snapshot.html

exports[`MCP 표면 스냅샷 > prompts/list — 이름·인자명·필수 여부 1`] = `
[
  {
    "arguments": [
      {
        "name": "person1",
        "required": true,
      },
      {
        "name": "person2",
        "required": true,
      },
    ],
    "name": "couple-reading",
  },
  {
    "arguments": [
      {
        "name": "birth",
        "required": false,
      },
      {
        "name": "date",
        "required": false,
      },
    ],
    "name": "daily-briefing",
  },
  {
    "arguments": [
      {
        "name": "birth",
        "required": false,
      },
      {
        "name": "candidates",
        "required": false,
      },
      {
        "name": "surname",
        "required": true,
      },
    ],
    "name": "naming-consult",
  },
]
`;

exports[`MCP 표면 스냅샷 > resources/list — uri·title·mimeType 1`] = `
[
  {
    "mimeType": "text/markdown",
    "title": "전문가 대조 fixture 규칙",
    "uri": "manseryeok://docs/expert-reference-fixtures",
  },
  {
    "mimeType": "text/markdown",
    "title": "전문가 검토 절차",
    "uri": "manseryeok://docs/expert-reference-intake",
  },
  {
    "mimeType": "text/markdown",
    "title": "외부 만세력 provider 대조 절차",
    "uri": "manseryeok://docs/external-provider-intake",
  },
  {
    "mimeType": "text/markdown",
    "title": "한국 법정시 정책 (표준시·DST 이력)",
    "uri": "manseryeok://docs/korean-legal-time-policy",
  },
  {
    "mimeType": "text/markdown",
    "title": "전문가용 준비도 체크",
    "uri": "manseryeok://docs/professional-readiness",
  },
  {
    "mimeType": "text/markdown",
    "title": "참조 provider 등록부",
    "uri": "manseryeok://docs/reference-provider-register",
  },
  {
    "mimeType": "text/markdown",
    "title": "절기 데이터 산출·검증",
    "uri": "manseryeok://docs/solar-terms",
  },
  {
    "mimeType": "application/json",
    "title": "서버·엔진 메타 정보",
    "uri": "manseryeok://meta",
  },
]
`;

exports[`MCP 표면 스냅샷 > tools/list — 이름·제목·설명·필수 입력·annotations·outputSchema 유무 1`] = `
[
  {
    "annotations": {
      "openWorldHint": false,
      "readOnlyHint": true,
    },
    "description": "Get one Korean calendar day: daily ganji, lunar date, five elements, 12 sinsal, auspicious notes, selection hints, and solar terms. KST 기준 하루 일진 정보를 반환합니다.",
    "hasOutputSchema": true,
    "name": "calendar_day_info",
    "required": [
      "day",
      "month",
      "year",
    ],
    "title": "일진·역학달력 하루 정보",
  },
  {
    "annotations": {
      "openWorldHint": false,
      "readOnlyHint": true,
    },
    "description": "Get a Korean monthly calendar with month ganji and daily ganji rows. Use compact=true to return only date, ganji, and auspicious summary for lower token use. 월간 역학달력 조회.",
    "hasOutputSchema": true,
    "name": "calendar_month",
    "required": [
      "month",
      "year",
    ],
    "title": "월간 역학달력",
  },
  {
    "annotations": {
      "openWorldHint": false,
      "readOnlyHint": true,
    },
    "description": "Calculate a Korean saju compatibility score for two people. Returns total score, grade, category scores, day stem/branch relations, advice, and both palja. 궁합 계산값은 오락·자기성찰용이며 의료·법률·재무 판단에 사용할 수 없습니다.",
    "hasOutputSchema": true,
    "name": "compatibility_score",
    "required": [
      "person1",
      "person2",
    ],
    "title": "궁합(케미) 점수",
  },
  {
    "annotations": {
      "openWorldHint": false,
      "readOnlyHint": true,
    },
    "description": "Calculate Daejeong numerology from a birth or reusable palja input, producing a 64-hexagram and changing line from pre/post-heaven numbers. 시주 미상은 3주 기준으로 계산됩니다.",
    "hasOutputSchema": true,
    "name": "daejeong_reading",
    "required": [],
    "title": "대정수 작괘",
  },
  {
    "annotations": {
      "openWorldHint": false,
      "readOnlyHint": true,
    },
    "description": "Calculate a Daeyukim chart for a solar date and hour: heaven/earth plates, four lessons, three transmissions, generals, and class name. Set interpret=true for interpretation. 대육임 과식 계산.",
    "hasOutputSchema": true,
    "name": "daeyukim_chart",
    "required": [
      "day",
      "hour",
      "month",
      "year",
    ],
    "title": "대육임 과식",
  },
  {
    "annotations": {
      "openWorldHint": false,
      "readOnlyHint": true,
    },
    "description": "Convert between solar and lunar Korean calendar dates. direction selects solar_to_lunar or lunar_to_solar; set isLeapMonth for leap lunar months. 양력·음력 변환.",
    "hasOutputSchema": true,
    "name": "date_convert",
    "required": [
      "day",
      "direction",
      "month",
      "year",
    ],
    "title": "양력·음력 변환",
  },
  {
    "annotations": {
      "openWorldHint": false,
      "readOnlyHint": true,
    },
    "description": "Explain each ganji hanja character in a string: Korean reading, stem/branch kind, and five-element value. Unknown characters are marked unknown. 간지 한자 정보 조회.",
    "hasOutputSchema": true,
    "name": "ganji_info",
    "required": [
      "ganji",
    ],
    "title": "간지 한자 정보",
  },
  {
    "annotations": {
      "openWorldHint": false,
      "readOnlyHint": true,
    },
    "description": "Calculate Guseong astrology values: personal star and yearly/monthly/daily nine-palace layouts. Provide all target date fields or omit all to use KST today. 구성기학 포국 계산.",
    "hasOutputSchema": true,
    "name": "guseong_chart",
    "required": [
      "birthYear",
      "gender",
    ],
    "title": "구성기학 포국",
  },
  {
    "annotations": {
      "openWorldHint": false,
      "readOnlyHint": true,
    },
    "description": "Calculate Harak numerology from birth year, month, and day: Hado/Lakseo numbers and a 64-hexagram result. Birth time is not used. 하락이수 계산.",
    "hasOutputSchema": true,
    "name": "harak_reading",
    "required": [
      "day",
      "month",
      "year",
    ],
    "title": "하락이수",
  },
  {
    "annotations": {
      "openWorldHint": false,
      "readOnlyHint": true,
    },
    "description": "Analyze Hongyeon from a birth or reusable palja input: Hongguk number, personal star, nine-palace layout, and flow map. 시주 미상은 3주의 하도수만 합산합니다.",
    "hasOutputSchema": true,
    "name": "hongyeon_reading",
    "required": [],
    "title": "홍연 분석",
  },
  {
    "annotations": {
      "openWorldHint": false,
      "readOnlyHint": true,
    },
    "description": "Resolve Korean legal time offset for a KST civil time, including historical standard time and DST. Ambiguous/nonexistent DST times return explicit error codes. 한국 법정시 해석.",
    "hasOutputSchema": true,
    "name": "korean_legal_time",
    "required": [
      "day",
      "hour",
      "minute",
      "month",
      "year",
    ],
    "title": "한국 법정시 해석 (전문가용)",
  },
  {
    "annotations": {
      "openWorldHint": false,
      "readOnlyHint": true,
    },
    "description": "Cast a Meihua Yishu divination by time, two numbers, or name stroke counts. Returns base hexagram, changing line, body/use relation, and interpretation. 질문 내용은 입력하지 않으며 해석 적용은 호출 측 책임입니다.",
    "hasOutputSchema": true,
    "name": "maehwa_divination",
    "required": [
      "cast",
    ],
    "title": "매화역수 점단",
  },
  {
    "annotations": {
      "openWorldHint": false,
      "readOnlyHint": true,
    },
    "description": "Analyze 1-6 Korean name candidates with naming numerology: four grids, 81-number luck, stroke/pronunciation elements, and 0-100 score. Provide hanjaChars to add source-element comparison. 성명학 후보 분석이며 오락·자기성찰용입니다.",
    "hasOutputSchema": true,
    "name": "naming_analyze",
    "required": [
      "candidates",
      "surname",
    ],
    "title": "작명(성명학) 분석",
  },
  {
    "annotations": {
      "openWorldHint": false,
      "readOnlyHint": true,
    },
    "description": "Calculate a Qimen Dunjia chart for a solar date and hour, including dun type, ju number, nine palaces, doors, stars, gods, and structure. Use interpret=true or school=siguk/yeonguk/wolguk/hongyeon only for deeper analysis. 기문둔갑 포국 계산.",
    "hasOutputSchema": true,
    "name": "qimen_chart",
    "required": [
      "day",
      "hour",
      "month",
      "year",
    ],
    "title": "기문둔갑 포국",
  },
  {
    "annotations": {
      "openWorldHint": false,
      "readOnlyHint": true,
    },
    "description": "Calculate daeun major luck cycles from birth data and gender. Direction depends on gender rules, and the current cycle is marked with isCurrent. 대운 목록 계산.",
    "hasOutputSchema": true,
    "name": "saju_daeun",
    "required": [
      "birth",
    ],
    "title": "대운 계산",
  },
  {
    "annotations": {
      "openWorldHint": false,
      "readOnlyHint": true,
    },
    "description": "Calculate a full Korean saju reading from birth data: palja, sipsin, hidden stems, unsung, luck cycles, sinsal, relations, gyeokguk, and yongsin. Use include to reduce response size. 사주 전체 계산 전용이며 해석 문구 작성은 호출 측 책임입니다.",
    "hasOutputSchema": true,
    "name": "saju_full_reading",
    "required": [
      "birth",
    ],
    "title": "사주 전체 분석",
  },
  {
    "annotations": {
      "openWorldHint": false,
      "readOnlyHint": true,
    },
    "description": "Calculate only the four-pillar palja from birth data. Unknown birth time returns empty hourGan/hourJi. 팔자 결과는 daejeong_reading, hongyeon_reading, qimen_chart(hongyeon) 등에 재사용할 수 있습니다.",
    "hasOutputSchema": true,
    "name": "saju_palja",
    "required": [
      "birth",
    ],
    "title": "사주팔자 계산 (경량)",
  },
  {
    "annotations": {
      "openWorldHint": false,
      "readOnlyHint": true,
    },
    "description": "List the 24 solar terms for a year with exact KST transition times, or filter one date with month+day. 24절기와 입절 시각 조회.",
    "hasOutputSchema": true,
    "name": "solar_terms",
    "required": [
      "year",
    ],
    "title": "24절기 조회",
  },
  {
    "annotations": {
      "openWorldHint": false,
      "readOnlyHint": true,
    },
    "description": "Calculate a Tojeong yearly fortune for targetYear: 144-gwae number, poem, overall reading, and 12 monthly readings. 출생 시각은 사용하지 않으며 양력 생일은 서버가 음력으로 변환합니다. 오락·자기성찰용입니다.",
    "hasOutputSchema": true,
    "name": "tojeong_yearly",
    "required": [
      "birth",
      "targetYear",
    ],
    "title": "토정비결 신수",
  },
  {
    "annotations": {
      "openWorldHint": false,
      "readOnlyHint": true,
    },
    "description": "Calculate a Ziwei Dou Shu chart with 12 palace star placements. Birth hour is required. Set interpret=true or school=samhap/sahwa/jungju only when detailed interpretation is needed. 자미두수 명반 계산.",
    "hasOutputSchema": true,
    "name": "ziwei_chart",
    "required": [
      "birth",
    ],
    "title": "자미두수 명반",
  },
]
`;
